10.12.112.16
10.12.113.12
fd00:fd12:3456:7890::22

10.12.127.254
10.12.126.242
fd00:fd12:3456:7890:ff:ffff:ffff:ffdc
10.12.127.238

255.240.0.0

10.0.0.0/18
10.0.64.0/18
10.0.160.0/19


0 10.1.0.0/20
1 10.1.16.0/20
2 10.1.32.0/24
3 10.1.48.0/20

0 fd00:fd12:3456:7800::/72
1 fd00:fd12:3456:7800:100::/72
2 fd00:fd12:3456:7800:200::/72
3 fd00:fd12:3456:7800:300::/88
